// Jest Snapshot v1, https://goo.gl/fbAQLP

exports[`<Textarea /> should render the heading 1`] = `
<main
  class=""
>
  <h1>
    Textarea
  </h1>
</main>
`
