// Jest Snapshot v1, https://goo.gl/fbAQLP

exports[`<Portal /> should render the portal with children 1`] = `null`
