// Jest Snapshot v1, https://goo.gl/fbAQLP

exports[`<Dropdown /> should render the dropdown with options 1`] = `
.c0 {
  border-radius: 0.2rem;
  border: 0.1rem solid;
  border-color: #EAEAEA;
  position: absolute;
  z-index: 999999;
  top: 3px;
  left: 0px;
  min-width: 0px;
}

.c1 {
  overflow: auto;
  max-height: 230px;
  font-family: Raleway,-apple-system,BlinkMacSystemFont,'Segoe UI',Roboto,Oxygen,Ubuntu,Cantarell,'Open Sans','Helvetica Neue',sans-serif;
  font-size: 1.6rem;
  color: #030517;
}

.c2 {
  padding: 8px 15px;
  cursor: pointer;
  background-color: #FAFAFA;
  color: #030517;
}

.c2:hover {
  background-color: #EAEAEA;
}

.c3 {
  padding: 8px 15px;
  cursor: pointer;
  background-color: #FAFAFA;
  color: #030517;
  cursor: not-allowed;
  background-color: #EAEAEA;
}

.c3:hover {
  background-color: #EAEAEA;
}

<div
  id="portal-root"
>
  <div>
    <div
      class="c0"
      id="dropdown"
    >
      <ul
        class="c1"
      >
        <li
          class="c2"
          id="brazil"
        >
          Brazil
        </li>
        <li
          class="c2"
          id="italy"
        >
          Italy
        </li>
        <li
          class="c3"
          disabled=""
          id="ireland"
        >
          Ireland
        </li>
      </ul>
    </div>
  </div>
</div>
`
