// Jest Snapshot v1, https://goo.gl/fbAQLP

exports[`<Textarea /> Renders with error 1`] = `
.c3 {
  display: -webkit-box;
  display: -webkit-flex;
  display: -ms-flexbox;
  display: flex;
  background-color: #FAFAFA;
  border-radius: 0.2rem;
  border: 0.1rem solid;
  border-color: #EAEAEA;
  padding: 0 1.6rem;
  margin: 0.4rem 0;
}

.c3:focus-within {
  box-shadow: 0 0 0.5rem #234DD4;
}

.c4 {
  width: 100%;
  resize: none;
  outline: none;
  background: transparent;
  border: 0;
  color: #030517;
  font-family: Raleway,-apple-system,BlinkMacSystemFont,'Segoe UI',Roboto,Oxygen,Ubuntu,Cantarell,'Open Sans','Helvetica Neue',sans-serif;
  font-size: 1.6rem;
  padding: 0.8rem 0;
}

.c2 {
  font-size: 1.4rem;
  color: #030517;
  cursor: pointer;
}

.c5 {
  color: #e0203b;
  font-size: 1.2rem;
}

.c0 .c1 {
  color: #e0203b;
}

<div
  class="c0"
>
  <label
    class="c1 c2"
    for="Textarea"
  >
    Textarea
  </label>
  <div
    class="c3"
  >
    <textarea
      class="c4"
      rows="5"
    />
  </div>
  <p
    class="c5"
  >
    Error message
  </p>
</div>
`
